2026-09-26T10:35:00+0200 ROUND6 START (user 10:34 'full gusto' + 'use coins from all wallets' + 'report in new github'). Round 5 = 09:22-10:35.
2026-09-26T10:37:39+0200 R6 FULL GUSTO 10:38: runners restarted (resume chains) ttt E + vprog E, 600 lanes each, rate 800+800, move feerate 5000 sompi/g (5x storm), funding 2000; orphan retry x3 + stale-resume classification; storm 10x pacer TARGET 6000 (only guards bind)
2026-09-26T08:38:51+0200 R6-SWEEP done: 451 wallets, 464 txs, swept 81923 TKAS to faucet. groups {"storm":55379,"W":5357,"L":20570,"round":616,"desk":1}
2026-09-26T10:39:59+0200 R6-SWEEP totals 81,923 TKAS from 451 wallets / 464 txs to faucet: storm400-799 ~55.2k, L1-L8 ~20.6k, W1-W6 ~5.4k, round3-issuers ~0.55k, round4-ttt-g ~0.08k. Storm 0-399 (56.4k, live H-lane pool) left for the storm. Grok Build wallet excluded. Per-wallet lines (shortened addr, no keys): logs/round6/sweep.jsonl
2026-09-26T10:39:59+0200 R6 runner rates 800->600+600 (mempool reached 78.4k at 800+800; keep clear of 80k brake)
2026-09-26T10:40:27+0200 R6 stop rule: r6-final-watch.sh pid 3165718: final stop at min(income-only +30 min, 12:30 CEST) then r6-recovery.py; feeder pid 3165716
2026-09-26T10:43:33+0200 R6 FULL-GUSTO steady 10:43: ttt 600 lanes 600 moves/s acc 595/s p50 1.7 p95 13.3 s; vprog 600 lanes 600/s acc 601/s p50 2.2 p95 86 s; rej 0; illegal 80,723/0 executed; runner burn ~6.4k TKAS/min at 5000 sompi/g; storm 10x ~320/s (165 TKAS/min, pool 81.6k); net accepted ~1,620/s; mp max 66k; mature faucet 21k; disk 18.6G; RAM avail 6.3G; load 11.5
2026-09-26T12:19:23+02:00 R6 12:30 final-stop watcher 3165718 killed by lead (user 12:19: sweep storm wallets 0-399 into games and spend it all; faucet growing, not draining). Runners/storm continue; new stop rule pending.
2026-09-26T12:21:11+0200 R6 12:21 STORM REDUCED (user 12:20): supervisor 2974707 SIGTERM (so it cannot respawn H), H worker 3535209 SIGTERM (frees storm keys 0-399 for sweep), P0-P7 workers 2974743-2974750 left running at /tmp/tps-storm.rate=100 tx/s total (no supervisor; mempool brake for them now done by r6-guard). r5-pacer TARGET 100.
2026-09-26T12:23:42+0200 R6 storm-lite: P0-P7 restarted without supervisor (pids 3548003 3548004 3548006 3548008 3548011 3548013 3548014 3548016 ), 100 tx/s total, dynamic fee mult /tmp/r6-storm-mult (2x normal estimate). H lane retired.
2026-09-26T12:24:06+0200 R6 MINERS reduced to 2 (user 12:20 'keep a few'): STOPPED keepalive-storm-2.sh 469302 (would respawn gb002), gb002 miner 2350419 (n0 local), pool miner 2347954 (-> 159.223.110.159:3567). KEPT: gb001 2346530 (n0, now unmanaged) + knsbot 2341221 (lead's KNS keepalive 2114518, untouched). Restore: 'cd /workspace/tn10-break-test-2026-09-25 && setsid nohup bash scripts/keepalive-storm-2.sh &' (restores gb001/gb002) and pool miner cmd in logs/round6/stopped-miner-2347954.cmd. Nodes (n0 2341090) + mining endpoint tunnels untouched.
2026-09-26T12:25:50+0200 R6 12:31 relaunch: ttt E pid 3549890 + vprog E pid 3549891 (800 lanes each, rate 800+800, dynamic feerate = 2x normal estimate via /tmp/r6-feerate daemon pid 3544260, funding same rule, MP pause 78k/68k); KNS bulk r6-kns.mjs A pid 3549924 (40 workers, labels stp-r6-a<i>-<seq>, commit 1 TKAS + reveal 35 TKAS to fee sink, faucet slice h%4==2)
2026-09-26T12:28:31+0200 R6 rates 800+800 -> 650+650 (mempool 72.9k, p50 latency ~18 s)
2026-09-26T12:29:40+0200 R6 KNS A pid 3549924 stopped (commit-fail loop on spent worker UTXO + KNS API rate limit 1015); 771 created, replacing with r6-kns2 (user 12:27 random-name spec)
2026-09-26T10:32:26+0200 R6-SWEEP done: 125 wallets, 148 txs, swept 2495 TKAS to faucet. groups {"storm":2495}
2026-09-26T12:33:22+0200 R6 KNS v2 (user 12:27 spec: random [a-z0-9] names len U(1..8)/10% 15, owner = random throwaway key from /home/box/secure/r6-kns-owners.json (2000, 0600) signing the reveal, taken->new random name, batched throttled checks, 2x-normal feerate) smoke OK (saw0.kas, 525 TKAS); launched B pid 3557311
3557326 KNS_CONC=12 log logs/round6/kns2-B.jsonl. Pause: touch /tmp/r6-kns.PAUSE. NOTE KNS indexer lagging ~235k DAA (owner endpoint 'NG lagging'), ownership verify deferred
2026-09-26T12:33:47+0200 R6 correction: KNS B pid is 3557326
2026-09-26T12:33:48+0200 R6-WATCH started pid 3557709: stop at funds<3k/15min or 20:00, pruning pause 18:30, disk pause <13G, floor 8G, storm mempool guard 80k/40k
2026-09-26T12:34:44+0200 R6-WATCH started pid 3558447: stop at funds<3k/15min or 20:00, pruning pause 18:30, disk pause <13G, floor 8G, storm mempool guard 80k/40k
2026-09-26T12:35:07+0200 R6 H-sweep (storm keys 0-399) DONE: 125 wallets 148 txs 2,495 TKAS -> faucet. Runner rates 650+650 -> 550+550 (mempool 74k, ttt p50 35 s)
2026-09-26T12:35:52+0200 R6 12:38 faucet split rebalanced: KNS h%4!=0 (3/4, best TKAS-per-disk burner), ttt h%8==0, vprog h%8==4. Restarted ttt E pid 3559100, vprog E pid 3559101 (rate 550+550), KNS v2 B pid 3559348 (KNS_CONC 16, worker keys now persisted 0600 in /home/box/secure/r6-kns-workers.txt; earlier KNS A/B worker leftovers (small change) stranded). final watcher pid 3558447 (scripts/r6-final-watch.py): KNS exempt from disk<13G pause
2026-09-26T12:45:43+0200 R6-WATCH started pid 3566724: stop at funds<3k/15min or 20:00, pruning pause 18:30, disk pause <13G, floor 8G, storm mempool guard 80k/40k
2026-09-26T12:46:03+0200 R6 watcher fix (feeder error line read as funds=0; now last valid sample, stale>10min = unknown) restarted pid 3566724; runner rates 550+550 -> 450+450 (mp 73k, p50 30-38 s). KNS B restarted 12:42 pid 3563859 with adopt-persisted-workers + unaffordable-redraw. LOSS NOTE: KNS instance 3559102 (12:35:23-12:35:41, killed to add key persistence) held ~26k TKAS of top-ups in unpersisted worker keys -> stranded (est. from faucet drop 77.8k minus 51.3k KNS fees in 12:35:20-12:36:24)
2026-09-26T12:48:53+0200 R6 LEAD 12:50: storm workers P0-P7 SIGTERM (exact pids 3548003 3548004 3548006 3548008 3548011 3548013 3548014 3548016), /tmp/tps-storm.rate=0; sweeping storm pool (state-rw-P*.json) -> faucet (KNS takes 3/4 slice + runner-slice surplus)
2026-09-26T10:49:13Z R6-STORM-SWEEP done: 0 txs, 0 TKAS -> faucet (failed input groups 1587/15863 inputs)
2026-09-26T10:50:10Z R6-STORM-SWEEP done: 5011 txs, 5995 TKAS -> faucet (failed input groups 2733/27330 inputs)
2026-09-26T10:50:55Z R6-STORM-SWEEP done: 1276 txs, 299 TKAS -> faucet (failed input groups 78185/78185 inputs)
2026-09-26T10:54:16Z R6-STORM-SWEEP2 (live API list) done: 2822 txs, 4118 TKAS -> faucet, failed 8-groups 2743
2026-09-26T12:55:56+0200 R6 STORM POOL SWEPT -> faucet (KNS funding): pass1 state files 5,995 TKAS/5,011 txs, pass2 299, pass3 live-API list 4,118 TKAS/2,822 txs => 10,412 TKAS total (tag wallets were MODE=p2w anyone-can-spend P2SH; fails = inputs already spent by our own earlier passes). Storm state files archived to state-archive-r6/ so the feeder's storm_pool (was 12.1k incl. 2.5k stale H) reads 0 and the watcher's funds figure is real.
2026-09-26T13:06:29+0200 R6-WATCH PAUSE all senders (disk<13G); saved rates {'/tmp/r5-ttt.rate': '450', '/tmp/r5-vprog.rate': '450', '/tmp/tps-storm.rate': None}
2026-09-26T13:16:14+0200 R6-WATCH FINAL STOP (funds 2697 < 3k TKAS for 15 min) -> r5-stop.sh + r6-recovery.py
2026-09-26T13:16:26+0200 R5-STOP (r6-final: funds 2697 < 3k TKAS for 15 min): senders stopped, pids TERM'd: 2855594; limits RATE_MAX=0. Feeder left running for final balance log (kill $(cat /tmp/r5-feeder.pid) to stop).
2026-09-26T13:17:26+0200 R6-RECOVERY mempool 7 -> 0 ; <500 after 0 s ; samples 13 (logs/round6/recovery.jsonl)
2026-09-26T13:17:26+0200 R6-WATCH FINAL: recovery measurement done (logs/round6/recovery.jsonl)
